Full model 
IL O/C: 0.908996 
MSIS O/C: 0.889798 
DTM O/C: 1.053428 

IL RMS: 0.238426 
MSIS RMS: 0.242223 
DTM RMS: 0.273371 

IL STD: 0.220375 
MSIS STD: 0.215702 
DTM STD: 0.268099 

IL CORR: 0.984649 
MSIS CORR: 0.987695 
DTM CORR: 0.991115 

