Full model 
IL O/C: 0.938534 
MSIS O/C: 0.602483 
DTM O/C: 0.821495 

IL RMS: 0.362346 
MSIS RMS: 0.433746 
DTM RMS: 0.279541 

IL STD: 0.357094 
MSIS STD: 0.173539 
DTM STD: 0.215126 

IL CORR: 0.931689 
MSIS CORR: 0.949078 
DTM CORR: 0.959924 

