Full model 
IL O/C: 0.621490 
MSIS O/C: 0.546395 
DTM O/C: 0.642093 

IL RMS: 0.481590 
MSIS RMS: 0.509231 
DTM RMS: 0.495821 

IL STD: 0.297756 
MSIS STD: 0.231428 
DTM STD: 0.343133 

IL CORR: 0.923135 
MSIS CORR: 0.898773 
DTM CORR: 0.918659 

