GOCE from 2011-05-26 to 2011-05-31
IL CORR: 0.865811 
MSIS CORR: 0.920176 
DTM CORR: 0.916894 

IL O/M: 0.981913 
MSIS O/M: 1.015120 
DTM O/M: 1.166385 

IL RMS: 0.376526 
MSIS RMS: 0.140070 
DTM RMS: 0.232038 

GOCE from 2013-06-26 to 2013-07-03
IL CORR: 0.773844 
MSIS CORR: 0.941394 
DTM CORR: 0.950033 

IL O/M: 1.015015 
MSIS O/M: 1.145628 
DTM O/M: 1.274540 

IL RMS: 0.321863 
MSIS RMS: 0.202223 
DTM RMS: 0.314151 

