Full model 
IL O/C: 0.994592 
MSIS O/C: 0.968526 
DTM O/C: 1.035259 

IL RMS: 0.164801 
MSIS RMS: 0.137794 
DTM RMS: 0.124458 

IL STD: 0.164712 
MSIS STD: 0.134152 
DTM STD: 0.119359 

IL CORR: 0.957579 
MSIS CORR: 0.968069 
DTM CORR: 0.977124 

