Full model 
IL O/C: 0.978502 
MSIS O/C: 0.700898 
DTM O/C: 0.885100 

IL RMS: 0.272695 
MSIS RMS: 0.337376 
DTM RMS: 0.213241 

IL STD: 0.271846 
MSIS STD: 0.156077 
DTM STD: 0.179638 

IL CORR: 0.912356 
MSIS CORR: 0.929858 
DTM CORR: 0.942970 

